- missing script seed.js when try to run npm run seed.js